out.ll:des	768	static
out.ll:testDES	136	static
out.ll:Incorrect_Result	24	static
out.ll:done	32	static
out.ll:vApplicationGetIdleTaskMemory	28	static
out.ll:xTaskCreateStatic	152	static
out.ll:xTaskCreate	176	static
out.ll:vTaskDelete	104	static
out.ll:xTaskDelayUntil	32	static
out.ll:vTaskDelay	40	static
out.ll:eTaskGetState	128	static
out.ll:uxTaskPriorityGet	64	static
out.ll:uxTaskPriorityGetFromISR	112	static
out.ll:vTaskPrioritySet	288	static
out.ll:vTaskSuspend	96	static
out.ll:vTaskResume	176	static
out.ll:xTaskResumeFromISR	240	static
out.ll:vTaskStartScheduler	96	static
out.ll:vTaskEndScheduler	32	static
out.ll:vTaskSuspendAll	24	static
out.ll:xTaskResumeAll	32	static
out.ll:xTaskGetTickCount	32	static
out.ll:xTaskGetTickCountFromISR	40	static
out.ll:uxTaskGetNumberOfTasks	24	static
out.ll:pcTaskGetName	48	static
out.ll:uxTaskGetSystemState	152	static
out.ll:xTaskCatchUpTicks	40	static
out.ll:xTaskIncrementTick	40	static
out.ll:vTaskSwitchContext	112	static
out.ll:vTaskPlaceOnEventList	40	static
out.ll:vTaskPlaceOnUnorderedEventList	160	static
out.ll:vTaskPlaceOnEventListRestricted	152	static
out.ll:xTaskRemoveFromEventList	416	static
out.ll:vTaskRemoveFromUnorderedEventList	336	static
out.ll:vTaskSetTimeOutState	56	static
out.ll:vTaskInternalSetTimeOutState	56	static
out.ll:xTaskCheckForTimeOut	96	static
out.ll:vTaskMissedYield	8	static
out.ll:uxTaskGetTaskNumber	56	static
out.ll:vTaskSetTaskNumber	56	static
out.ll:vTaskGetInfo	208	static
out.ll:uxTaskGetStackHighWaterMark	80	static
out.ll:xTaskGetCurrentTaskHandle	32	static
out.ll:xTaskGetSchedulerState	32	static
out.ll:xTaskPriorityInherit	232	static
out.ll:xTaskPriorityDisinherit	224	static
out.ll:vTaskPriorityDisinheritAfterTimeout	256	static
out.ll:uxTaskResetEventItemValue	48	static
out.ll:pvTaskIncrementMutexHeldCount	40	static
out.ll:ulTaskGenericNotifyTake	88	static
out.ll:xTaskGenericNotifyWait	120	static
out.ll:xTaskGenericNotify	376	static
out.ll:xTaskGenericNotifyFromISR	520	static
out.ll:vTaskGenericNotifyGiveFromISR	424	static
out.ll:xTaskGenericNotifyStateClear	64	static
out.ll:ulTaskGenericNotifyValueClear	88	static
out.ll:prvInitialiseNewTask	256	static
out.ll:prvAddNewTaskToReadyList	216	static
out.ll:prvInitialiseTaskLists	48	static
out.ll:prvTaskIsTaskSuspended	56	static
out.ll:prvIdleTask	16	static
out.ll:prvCheckTasksWaitingTermination	56	static
out.ll:prvListTasksWithinSingleList	192	static
out.ll:prvTaskCheckFreeStackSpace	56	static
out.ll:prvDeleteTCB	40	static
out.ll:prvResetNextTaskUnblockTime	32	static
out.ll:prvAddCurrentTaskToDelayedList	200	static
out.ll:xEventGroupCreateStatic	48	static
out.ll:xEventGroupCreate	32	static
out.ll:xEventGroupSync	208	static
out.ll:xEventGroupSetBits	216	static
out.ll:xEventGroupWaitBits	272	static
out.ll:prvTestWaitCondition	48	static
out.ll:xEventGroupClearBits	72	static
out.ll:xEventGroupClearBitsFromISR	48	static
out.ll:vEventGroupClearBitsCallback	40	static
out.ll:xEventGroupGetBitsFromISR	104	static
out.ll:vEventGroupDelete	64	static
out.ll:vEventGroupSetBitsCallback	40	static
out.ll:xEventGroupSetBitsFromISR	56	static
out.ll:uxEventGroupGetNumber	56	static
out.ll:vEventGroupSetNumber	40	static
out.ll:HAL_MspInit	24	static
out.ll:HAL_UART_MspInit	88	static
out.ll:HAL_UART_MspDeInit	32	static
out.ll:SystemInit	0	static
out.ll:SystemCoreClockUpdate	160	static
out.ll:initialise_monitor_handles	0	static
out.ll:_getpid	0	static
out.ll:_kill	32	static
out.ll:_exit	16	static
out.ll:_read	72	static
out.ll:_write	72	static
out.ll:_close	12	static
out.ll:_fstat	24	static
out.ll:_isatty	12	static
out.ll:_lseek	28	static
out.ll:_open	24	static
out.ll:_wait	24	static
out.ll:_unlink	24	static
out.ll:_times	12	static
out.ll:_stat	24	static
out.ll:_link	32	static
out.ll:_fork	20	static
out.ll:_execve	36	static
out.ll:_sbrk	80	static
out.ll:main	72	static
out.ll:SystemClock_Config	112	static
out.ll:vTaskCode1	32	static
out.ll:vTaskCode2	32	static
out.ll:vTaskDES	32	static
out.ll:Error_Handler	0	static
out.ll:MX_USART2_UART_Init	32	static
out.ll:MX_GPIO_Init	136	static
out.ll:MX_TIM6_Init	40	static
out.ll:xStreamBufferGenericCreate	112	static
out.ll:prvInitialiseNewStreamBuffer	112	static
out.ll:xStreamBufferGenericCreateStatic	144	static
out.ll:vStreamBufferDelete	48	static
out.ll:xStreamBufferReset	120	static
out.ll:xStreamBufferSetTriggerLevel	72	static
out.ll:xStreamBufferSpacesAvailable	96	static
out.ll:xStreamBufferBytesAvailable	48	static
out.ll:prvBytesInBuffer	56	static
out.ll:xStreamBufferSend	224	static
out.ll:prvWriteMessageToBuffer	120	static
out.ll:prvWriteBytesToBuffer	136	static
out.ll:xStreamBufferSendFromISR	224	static
out.ll:xStreamBufferReceive	160	static
out.ll:prvReadMessageFromBuffer	160	static
out.ll:prvReadBytesFromBuffer	136	static
out.ll:xStreamBufferNextMessageLengthBytes	80	static
out.ll:xStreamBufferReceiveFromISR	192	static
out.ll:xStreamBufferIsEmpty	56	static
out.ll:xStreamBufferIsFull	56	static
out.ll:xStreamBufferSendCompletedFromISR	128	static
out.ll:xStreamBufferReceiveCompletedFromISR	128	static
out.ll:uxStreamBufferGetStreamBufferNumber	24	static
out.ll:vStreamBufferSetStreamBufferNumber	40	static
out.ll:ucStreamBufferGetStreamBufferType	24	static
out.ll:NMI_Handler	8	static
out.ll:HardFault_Handler	8	static
out.ll:MemManage_Handler	8	static
out.ll:BusFault_Handler	8	static
out.ll:UsageFault_Handler	8	static
out.ll:SVC_Handler	0	static
out.ll:DebugMon_Handler	0	static
out.ll:PendSV_Handler	0	static
out.ll:SysTick_Handler	24	static
out.ll:vListInitialise	4	static
out.ll:vListInitialiseItem	12	static
out.ll:vListInsertEnd	136	static
out.ll:vListInsert	168	static
out.ll:uxListRemove	104	static
out.ll:xTimerCreateTimerTask	88	static
out.ll:prvCheckForValidListAndQueue	48	static
out.ll:vApplicationGetTimerTaskMemory	28	static
out.ll:prvTimerTask	32	static
out.ll:prvGetNextExpireTime	40	static
out.ll:prvProcessTimerOrBlockTask	88	static
out.ll:prvProcessReceivedCommands	320	static
out.ll:prvSampleTimeNow	40	static
out.ll:prvInsertTimerInActiveList	120	static
out.ll:prvReloadTimer	80	static
out.ll:prvSwitchTimerLists	64	static
out.ll:prvProcessExpiredTimer	96	static
out.ll:xTimerCreate	104	static
out.ll:prvInitialiseNewTimer	128	static
out.ll:xTimerCreateStatic	112	static
out.ll:xTimerGenericCommand	152	static
out.ll:xTimerGetTimerDaemonTaskHandle	24	static
out.ll:xTimerGetPeriod	40	static
out.ll:vTimerSetReloadMode	72	static
out.ll:uxTimerGetReloadMode	48	static
out.ll:xTimerGetExpiryTime	48	static
out.ll:pcTimerGetName	40	static
out.ll:xTimerIsTimerActive	48	static
out.ll:pvTimerGetTimerID	48	static
out.ll:vTimerSetTimerID	56	static
out.ll:xTimerPendFunctionCallFromISR	128	static
out.ll:xTimerPendFunctionCall	128	static
out.ll:uxTimerGetTimerNumber	24	static
out.ll:vTimerSetTimerNumber	40	static
out.ll:xQueueGenericCreateStatic	48	static
out.ll:prvInitialiseNewQueue	128	static
out.ll:xQueueGenericReset	128	static
out.ll:xQueueGenericCreate	128	static
out.ll:xQueueCreateMutex	48	static
out.ll:prvInitialiseMutex	32	static
out.ll:xQueueGenericSend	176	static
out.ll:prvCopyDataToQueue	208	static
out.ll:prvIsQueueFull	32	static
out.ll:prvUnlockQueue	88	static
out.ll:xQueueCreateMutexStatic	64	static
out.ll:xQueueGetMutexHolder	56	static
out.ll:xQueueGetMutexHolderFromISR	40	static
out.ll:xQueueGiveMutexRecursive	72	static
out.ll:xQueueTakeMutexRecursive	104	static
out.ll:xQueueSemaphoreTake	208	static
out.ll:prvIsQueueEmpty	32	static
out.ll:prvGetDisinheritPriorityAfterTimeout	40	static
out.ll:xQueueCreateCountingSemaphoreStatic	88	static
out.ll:xQueueCreateCountingSemaphore	72	static
out.ll:xQueueGenericSendFromISR	200	static
out.ll:xQueueGiveFromISR	176	static
out.ll:xQueueReceive	184	static
out.ll:prvCopyDataFromQueue	88	static
out.ll:xQueuePeek	192	static
out.ll:xQueueReceiveFromISR	192	static
out.ll:xQueuePeekFromISR	144	static
out.ll:uxQueueMessagesWaiting	40	static
out.ll:uxQueueSpacesAvailable	48	static
out.ll:uxQueueMessagesWaitingFromISR	48	static
out.ll:vQueueDelete	48	static
out.ll:vQueueUnregisterQueue	40	static
out.ll:uxQueueGetQueueNumber	24	static
out.ll:vQueueSetQueueNumber	40	static
out.ll:ucQueueGetQueueType	24	static
out.ll:xQueueIsQueueEmptyFromISR	48	static
out.ll:xQueueIsQueueFullFromISR	48	static
out.ll:vQueueAddToRegistry	112	static
out.ll:pcQueueGetName	56	static
out.ll:vQueueWaitForMessageRestricted	80	static
