     VMA      LMA     Size Align Out     In      Symbol
       0        0        0     1 _estack = ORIGIN ( RAM ) + LENGTH ( RAM )
       0        0        0     1 _Min_Heap_Size = 0x200
       0        0        0     1 _Min_Stack_Size = 0x400
 8000000  8000000      13c     1 .isr_vector
 8000000  8000000        0     1         . = ALIGN ( 4 )
 8000000  8000000      13c     1         /tmp/startup_stm32l152retx-e1a5b6.o:(.isr_vector)
 8000000  8000000        0     1                 g_pfnVectors
 800013c  800013c        0     1         . = ALIGN ( 4 )
 8000140  8000140     f460    16 .text
 8000140  8000140        0     1         . = ALIGN ( 4 )
 8000140  8000140       14     4         /home/buoffio/Downloads/LLVMEmbeddedToolchainForArm-15.0.2-Linux-x86_64/bin/../lib/clang-runtimes/armv7m_soft_nofp/lib/libclang_rt.builtins-armv7m.a(aeabi_uldivmod.S.obj):(.text)
 8000140  8000140        0     1                 $t.0
 8000141  8000141       14     1                 __aeabi_uldivmod
 8000154  8000154       8c     2         /tmp/stm32l1xx_hal_uart-0e440d.o:(.text.HAL_UART_Init)
 8000154  8000154        0     1                 $t.0
 8000155  8000155       8c     1                 HAL_UART_Init
 80001e0  80001e0      116     2         /tmp/stm32l1xx_hal_uart-0e440d.o:(.text.UART_SetConfig)
 80001e0  80001e0        0     1                 $t.2
 80001e1  80001e1      116     1                 UART_SetConfig
 80002f6  80002f6       12     2         /tmp/stm32l1xx_hal_cortex-8eabb0.o:(.text.HAL_NVIC_SetPriorityGrouping)
 80002f6  80002f6        0     1                 $t.0
 80002f7  80002f7       12     1                 HAL_NVIC_SetPriorityGrouping
 8000308  8000308       3c     2         /tmp/stm32l1xx_hal_cortex-8eabb0.o:(.text.__NVIC_SetPriorityGrouping)
 8000308  8000308        0     1                 $t.1
 8000309  8000309       3c     1                 __NVIC_SetPriorityGrouping
 8000344  8000344       30     2         /tmp/stm32l1xx_hal_cortex-8eabb0.o:(.text.HAL_NVIC_SetPriority)
 8000344  8000344        0     1                 $t.2
 8000345  8000345       30     1                 HAL_NVIC_SetPriority
 8000374  8000374       10     2         /tmp/stm32l1xx_hal_cortex-8eabb0.o:(.text.__NVIC_GetPriorityGrouping)
 8000374  8000374        0     1                 $t.3
 8000375  8000375       10     1                 __NVIC_GetPriorityGrouping
 8000384  8000384       3a     2         /tmp/stm32l1xx_hal_cortex-8eabb0.o:(.text.__NVIC_SetPriority)
 8000384  8000384        0     1                 $t.4
 8000385  8000385       3a     1                 __NVIC_SetPriority
 80003be  80003be       6c     2         /tmp/stm32l1xx_hal_cortex-8eabb0.o:(.text.NVIC_EncodePriority)
 80003be  80003be        0     1                 $t.5
 80003bf  80003bf       6c     1                 NVIC_EncodePriority
 800042a  800042a       12     2         /tmp/stm32l1xx_hal_cortex-8eabb0.o:(.text.HAL_SYSTICK_Config)
 800042a  800042a        0     1                 $t.12
 800042b  800042b       12     1                 HAL_SYSTICK_Config
 800043c  800043c       54     2         /tmp/stm32l1xx_hal_cortex-8eabb0.o:(.text.SysTick_Config)
 800043c  800043c        0     1                 $t.13
 800043d  800043d       54     1                 SysTick_Config
 8000490  8000490      7c0     2         /tmp/stm32l1xx_hal_rcc-8bfd0f.o:(.text.HAL_RCC_OscConfig)
 8000490  8000490        0     1                 $t.1
 8000491  8000491      7c0     1                 HAL_RCC_OscConfig
 8000c50  8000c50       f4     2         /tmp/stm32l1xx_hal_rcc-8bfd0f.o:(.text.RCC_SetFlashLatencyFromMSIRange)
 8000c50  8000c50        0     1                 $t.2
 8000c51  8000c51       f4     1                 RCC_SetFlashLatencyFromMSIRange
 8000d44  8000d44      332     2         /tmp/stm32l1xx_hal_rcc-8bfd0f.o:(.text.HAL_RCC_ClockConfig)
 8000d44  8000d44        0     1                 $t.3
 8000d45  8000d45      332     1                 HAL_RCC_ClockConfig
 8001078  8001078       de     4         /tmp/stm32l1xx_hal_rcc-8bfd0f.o:(.text.HAL_RCC_GetSysClockFreq)
 8001078  8001078        0     1                 $t.4
 8001079  8001079       de     1                 HAL_RCC_GetSysClockFreq
 800109e  800109e        0     1                 $d.5
 80010ac  80010ac        0     1                 $t.6
 8001156  8001156        c     2         /tmp/stm32l1xx_hal_rcc-8bfd0f.o:(.text.HAL_RCC_GetHCLKFreq)
 8001156  8001156        0     1                 $t.10
 8001157  8001157        c     1                 HAL_RCC_GetHCLKFreq
 8001162  8001162       24     2         /tmp/stm32l1xx_hal_rcc-8bfd0f.o:(.text.HAL_RCC_GetPCLK1Freq)
 8001162  8001162        0     1                 $t.11
 8001163  8001163       24     1                 HAL_RCC_GetPCLK1Freq
 8001186  8001186       24     2         /tmp/stm32l1xx_hal_rcc-8bfd0f.o:(.text.HAL_RCC_GetPCLK2Freq)
 8001186  8001186        0     1                 $t.12
 8001187  8001187       24     1                 HAL_RCC_GetPCLK2Freq
 80011aa  80011aa       68     2         /tmp/stm32l1xx_hal_tim-a57a6c.o:(.text.HAL_TIM_Base_Init)
 80011aa  80011aa        0     1                 $t.0
 80011ab  80011ab       68     1                 HAL_TIM_Base_Init
 8001212  8001212        8     2         /tmp/stm32l1xx_hal_tim-a57a6c.o:(.text.HAL_TIM_Base_MspInit)
 8001212  8001212        0     1                 $t.1
 8001213  8001213        8     1                 HAL_TIM_Base_MspInit
 800121a  800121a      116     2         /tmp/stm32l1xx_hal_tim-a57a6c.o:(.text.TIM_Base_SetConfig)
 800121a  800121a        0     1                 $t.2
 800121b  800121b      116     1                 TIM_Base_SetConfig
 8001330  8001330       cc     2         /tmp/stm32l1xx_hal_tim_ex-f74e44.o:(.text.HAL_TIMEx_MasterConfigSynchronization)
 8001330  8001330        0     1                 $t.0
 8001331  8001331       cc     1                 HAL_TIMEx_MasterConfigSynchronization
 80013fc  80013fc      38c     2         /tmp/stm32l1xx_hal_gpio-de948f.o:(.text.HAL_GPIO_Init)
 80013fc  80013fc        0     1                 $t.0
 80013fd  80013fd      38c     1                 HAL_GPIO_Init
 8001788  8001788       2a     2         /tmp/stm32l1xx_hal_gpio-de948f.o:(.text.HAL_GPIO_WritePin)
 8001788  8001788        0     1                 $t.3
 8001789  8001789       2a     1                 HAL_GPIO_WritePin
 80017b2  80017b2       26     2         /tmp/stm32l1xx_hal_gpio-de948f.o:(.text.HAL_GPIO_TogglePin)
 80017b2  80017b2        0     1                 $t.4
 80017b3  80017b3       26     1                 HAL_GPIO_TogglePin
 80017d8  80017d8       2e     2         /tmp/stm32l1xx_hal-9166f4.o:(.text.HAL_Init)
 80017d8  80017d8        0     1                 $t.0
 80017d9  80017d9       2e     1                 HAL_Init
 8001806  8001806       80     2         /tmp/stm32l1xx_hal-9166f4.o:(.text.HAL_InitTick)
 8001806  8001806        0     1                 $t.1
 8001807  8001807       80     1                 HAL_InitTick
 8001886  8001886        c     2         /tmp/stm32l1xx_hal-9166f4.o:(.text.HAL_GetTick)
 8001886  8001886        0     1                 $t.6
 8001887  8001887        c     1                 HAL_GetTick
 8001892  8001892       50     2         /tmp/port-eeb2cf.o:(.text.pxPortInitialiseStack)
 8001892  8001892        0     1                 $t.0
 8001893  8001893       50     1                 pxPortInitialiseStack
 80018e2  80018e2       26     2         /tmp/port-eeb2cf.o:(.text.prvTaskExitError)
 80018e2  80018e2        0     1                 $t.1
 80018e3  80018e3       26     1                 prvTaskExitError
 8001910  8001910       24    16         /tmp/port-eeb2cf.o:(.text.SVC_Handler)
 8001910  8001910        0     1                 $t.2
 8001911  8001911       24     1                 SVC_Handler
 8001930  8001930        0     1                 pxCurrentTCBConst2
 8001930  8001930        0     1                 $d.3
 8001934  8001934       42     2         /tmp/port-eeb2cf.o:(.text.xPortStartScheduler)
 8001934  8001934        0     1                 $t.4
 8001935  8001935       42     1                 xPortStartScheduler
 8001976  8001976       44     2         /tmp/port-eeb2cf.o:(.text.vPortSetupTimerInterrupt)
 8001976  8001976        0     1                 $t.5
 8001977  8001977       44     1                 vPortSetupTimerInterrupt
 80019c0  80019c0       24    16         /tmp/port-eeb2cf.o:(.text.prvPortStartFirstTask)
 80019c0  80019c0        0     1                 $t.6
 80019c1  80019c1       24     1                 prvPortStartFirstTask
 80019e0  80019e0        0     1                 xNVICConst
 80019e0  80019e0        0     1                 $d.7
 80019e4  80019e4       30     2         /tmp/port-eeb2cf.o:(.text.vPortEnterCritical)
 80019e4  80019e4        0     1                 $t.9
 80019e5  80019e5       30     1                 vPortEnterCritical
 8001a14  8001a14       26     2         /tmp/port-eeb2cf.o:(.text.vPortExitCritical)
 8001a14  8001a14        0     1                 $t.10
 8001a15  8001a15       26     1                 vPortExitCritical
 8001a40  8001a40       44    16         /tmp/port-eeb2cf.o:(.text.PendSV_Handler)
 8001a40  8001a40        0     1                 $t.11
 8001a41  8001a41       44     1                 PendSV_Handler
 8001a80  8001a80        0     1                 pxCurrentTCBConst
 8001a80  8001a80        0     1                 $d.12
 8001a84  8001a84       3e     2         /tmp/port-eeb2cf.o:(.text.SysTick_Handler)
 8001a84  8001a84        0     1                 $t.13
 8001a85  8001a85       3e     1                 SysTick_Handler
 8001ac2  8001ac2      1b4     2         /tmp/heap_4-69dfe5.o:(.text.pvPortMalloc)
 8001ac2  8001ac2        0     1                 $t.0
 8001ac3  8001ac3      1b4     1                 pvPortMalloc
 8001c76  8001c76       bc     2         /tmp/heap_4-69dfe5.o:(.text.prvHeapInit)
 8001c76  8001c76        0     1                 $t.1
 8001c77  8001c77       bc     1                 prvHeapInit
 8001d32  8001d32       c6     2         /tmp/heap_4-69dfe5.o:(.text.prvInsertBlockIntoFreeList)
 8001d32  8001d32        0     1                 $t.2
 8001d33  8001d33       c6     1                 prvInsertBlockIntoFreeList
 8001df8  8001df8       86     2         /tmp/heap_4-69dfe5.o:(.text.vPortFree)
 8001df8  8001df8        0     1                 $t.3
 8001df9  8001df9       86     1                 vPortFree
 8001e7e  8001e7e     1600     2         /tmp/out-ff2776.o:(.text.des)
 8001e7e  8001e7e        0     1                 $t.0
 8001e7f  8001e7f     1600     1                 des
 800347e  800347e      41a     2         /tmp/out-ff2776.o:(.text.testDES)
 800347e  800347e        0     1                 $t.1
 800347f  800347f      41a     1                 testDES
 8003898  8003898       3e     2         /tmp/out-ff2776.o:(.text.Incorrect_Result)
 8003898  8003898        0     1                 $t.2
 8003899  8003899       3e     1                 Incorrect_Result
 80038d6  80038d6       ea     2         /tmp/out-ff2776.o:(.text.done)
 80038d6  80038d6        0     1                 $t.3
 80038d7  80038d7       ea     1                 done
 80039c0  80039c0       6e     2         /tmp/out-ff2776.o:(.text.vApplicationGetIdleTaskMemory)
 80039c0  80039c0        0     1                 $t.4
 80039c1  80039c1       6e     1                 vApplicationGetIdleTaskMemory
 8003a2e  8003a2e      356     2         /tmp/out-ff2776.o:(.text.xTaskCreateStatic)
 8003a2e  8003a2e        0     1                 $t.5
 8003a2f  8003a2f      356     1                 xTaskCreateStatic
 8003d84  8003d84      46e     2         /tmp/out-ff2776.o:(.text.xTaskCreate)
 8003d84  8003d84        0     1                 $t.6
 8003d85  8003d85      46e     1                 xTaskCreate
 80041f2  80041f2       b0     2         /tmp/out-ff2776.o:(.text.xTaskDelayUntil)
 80041f2  80041f2        0     1                 $t.8
 80041f3  80041f3       b0     1                 xTaskDelayUntil
 80042a2  80042a2      34e     2         /tmp/out-ff2776.o:(.text.vTaskStartScheduler)
 80042a2  80042a2        0     1                 $t.17
 80042a3  80042a3      34e     1                 vTaskStartScheduler
 80045f0  80045f0       ca     2         /tmp/out-ff2776.o:(.text.vTaskSuspendAll)
 80045f0  80045f0        0     1                 $t.19
 80045f1  80045f1       ca     1                 vTaskSuspendAll
 80046ba  80046ba      1f8     2         /tmp/out-ff2776.o:(.text.xTaskResumeAll)
 80046ba  80046ba        0     1                 $t.20
 80046bb  80046bb      1f8     1                 xTaskResumeAll
 80048b2  80048b2       ec     2         /tmp/out-ff2776.o:(.text.xTaskGetTickCount)
 80048b2  80048b2        0     1                 $t.21
 80048b3  80048b3       ec     1                 xTaskGetTickCount
 800499e  800499e      234     2         /tmp/out-ff2776.o:(.text.xTaskIncrementTick)
 800499e  800499e        0     1                 $t.27
 800499f  800499f      234     1                 xTaskIncrementTick
 8004bd2  8004bd2      4ca     2         /tmp/out-ff2776.o:(.text.vTaskSwitchContext)
 8004bd2  8004bd2        0     1                 $t.28
 8004bd3  8004bd3      4ca     1                 vTaskSwitchContext
 800509c  800509c      100     2         /tmp/out-ff2776.o:(.text.vTaskPlaceOnEventList)
 800509c  800509c        0     1                 $t.29
 800509d  800509d      100     1                 vTaskPlaceOnEventList
 800519c  800519c      3ba     2         /tmp/out-ff2776.o:(.text.vTaskPlaceOnEventListRestricted)
 800519c  800519c        0     1                 $t.31
 800519d  800519d      3ba     1                 vTaskPlaceOnEventListRestricted
 8005556  8005556      c12     2         /tmp/out-ff2776.o:(.text.xTaskRemoveFromEventList)
 8005556  8005556        0     1                 $t.32
 8005557  8005557      c12     1                 xTaskRemoveFromEventList
 8006168  8006168      11e     2         /tmp/out-ff2776.o:(.text.vTaskInternalSetTimeOutState)
 8006168  8006168        0     1                 $t.35
 8006169  8006169      11e     1                 vTaskInternalSetTimeOutState
 8006286  8006286      44a     2         /tmp/out-ff2776.o:(.text.xTaskCheckForTimeOut)
 8006286  8006286        0     1                 $t.36
 8006287  8006287      44a     1                 xTaskCheckForTimeOut
 80066d0  80066d0       3e     2         /tmp/out-ff2776.o:(.text.vTaskMissedYield)
 80066d0  80066d0        0     1                 $t.37
 80066d1  80066d1       3e     1                 vTaskMissedYield
 800670e  800670e      890     2         /tmp/out-ff2776.o:(.text.prvInitialiseNewTask)
 800670e  800670e        0     1                 $t.60
 800670f  800670f      890     1                 prvInitialiseNewTask
 8006f9e  8006f9e      8fa     2         /tmp/out-ff2776.o:(.text.prvAddNewTaskToReadyList)
 8006f9e  8006f9e        0     1                 $t.61
 8006f9f  8006f9f      8fa     1                 prvAddNewTaskToReadyList
 8007898  8007898      218     2         /tmp/out-ff2776.o:(.text.prvInitialiseTaskLists)
 8007898  8007898        0     1                 $t.62
 8007899  8007899      218     1                 prvInitialiseTaskLists
 8007ab0  8007ab0      142     2         /tmp/out-ff2776.o:(.text.prvIdleTask)
 8007ab0  8007ab0        0     1                 $t.64
 8007ab1  8007ab1      142     1                 prvIdleTask
 8007bf2  8007bf2      296     2         /tmp/out-ff2776.o:(.text.prvCheckTasksWaitingTermination)
 8007bf2  8007bf2        0     1                 $t.65
 8007bf3  8007bf3      296     1                 prvCheckTasksWaitingTermination
 8007e88  8007e88      250     2         /tmp/out-ff2776.o:(.text.prvDeleteTCB)
 8007e88  8007e88        0     1                 $t.68
 8007e89  8007e89      250     1                 prvDeleteTCB
 80080d8  80080d8      19a     2         /tmp/out-ff2776.o:(.text.prvResetNextTaskUnblockTime)
 80080d8  80080d8        0     1                 $t.69
 80080d9  80080d9      19a     1                 prvResetNextTaskUnblockTime
 8008272  8008272      744     2         /tmp/out-ff2776.o:(.text.prvAddCurrentTaskToDelayedList)
 8008272  8008272        0     1                 $t.70
 8008273  8008273      744     1                 prvAddCurrentTaskToDelayedList
 80089b6  80089b6       5c     2         /tmp/out-ff2776.o:(.text.HAL_MspInit)
 80089b6  80089b6        0     1                 $t.86
 80089b7  80089b7       5c     1                 HAL_MspInit
 8008a12  8008a12      29e     2         /tmp/out-ff2776.o:(.text.HAL_UART_MspInit)
 8008a12  8008a12        0     1                 $t.87
 8008a13  8008a13      29e     1                 HAL_UART_MspInit
 8008cb0  8008cb0       22     2         /tmp/out-ff2776.o:(.text.SystemInit)
 8008cb0  8008cb0        0     1                 $t.89
 8008cb1  8008cb1       22     1                 SystemInit
 8008cd2  8008cd2      37c     2         /tmp/out-ff2776.o:(.text.main)
 8008cd2  8008cd2        0     1                 $t.119
 8008cd3  8008cd3      37c     1                 main
 800904e  800904e      26e     2         /tmp/out-ff2776.o:(.text.SystemClock_Config)
 800904e  800904e        0     1                 $t.120
 800904f  800904f      26e     1                 SystemClock_Config
 80092bc  80092bc      136     2         /tmp/out-ff2776.o:(.text.vTaskCode1)
 80092bc  80092bc        0     1                 $t.121
 80092bd  80092bd      136     1                 vTaskCode1
 80093f2  80093f2      134     2         /tmp/out-ff2776.o:(.text.vTaskCode2)
 80093f2  80093f2        0     1                 $t.122
 80093f3  80093f3      134     1                 vTaskCode2
 8009526  8009526      14a     2         /tmp/out-ff2776.o:(.text.vTaskDES)
 8009526  8009526        0     1                 $t.123
 8009527  8009527      14a     1                 vTaskDES
 8009670  8009670        6     2         /tmp/out-ff2776.o:(.text.Error_Handler)
 8009670  8009670        0     1                 $t.124
 8009671  8009671        6     1                 Error_Handler
 8009676  8009676      134     2         /tmp/out-ff2776.o:(.text.MX_USART2_UART_Init)
 8009676  8009676        0     1                 $t.125
 8009677  8009677      134     1                 MX_USART2_UART_Init
 80097aa  80097aa      374     2         /tmp/out-ff2776.o:(.text.MX_GPIO_Init)
 80097aa  80097aa        0     1                 $t.126
 80097ab  80097ab      374     1                 MX_GPIO_Init
 8009b1e  8009b1e      1e6     2         /tmp/out-ff2776.o:(.text.MX_TIM6_Init)
 8009b1e  8009b1e        0     1                 $t.127
 8009b1f  8009b1f      1e6     1                 MX_TIM6_Init
 8009d04  8009d04       4e     2         /tmp/out-ff2776.o:(.text.NMI_Handler)
 8009d04  8009d04        0     1                 $t.153
 8009d05  8009d05       4e     1                 NMI_Handler
 8009d52  8009d52       4c     2         /tmp/out-ff2776.o:(.text.HardFault_Handler)
 8009d52  8009d52        0     1                 $t.154
 8009d53  8009d53       4c     1                 HardFault_Handler
 8009d9e  8009d9e       4e     2         /tmp/out-ff2776.o:(.text.MemManage_Handler)
 8009d9e  8009d9e        0     1                 $t.155
 8009d9f  8009d9f       4e     1                 MemManage_Handler
 8009dec  8009dec       4e     2         /tmp/out-ff2776.o:(.text.BusFault_Handler)
 8009dec  8009dec        0     1                 $t.156
 8009ded  8009ded       4e     1                 BusFault_Handler
 8009e3a  8009e3a       4e     2         /tmp/out-ff2776.o:(.text.UsageFault_Handler)
 8009e3a  8009e3a        0     1                 $t.157
 8009e3b  8009e3b       4e     1                 UsageFault_Handler
 8009e88  8009e88       22     2         /tmp/out-ff2776.o:(.text.DebugMon_Handler)
 8009e88  8009e88        0     1                 $t.159
 8009e89  8009e89       22     1                 DebugMon_Handler
 8009eaa  8009eaa       2e     2         /tmp/out-ff2776.o:(.text.vListInitialise)
 8009eaa  8009eaa        0     1                 $t.162
 8009eab  8009eab       2e     1                 vListInitialise
 8009ed8  8009ed8       40     2         /tmp/out-ff2776.o:(.text.vListInitialiseItem)
 8009ed8  8009ed8        0     1                 $t.163
 8009ed9  8009ed9       40     1                 vListInitialiseItem
 8009f18  8009f18      4b4     2         /tmp/out-ff2776.o:(.text.vListInsert)
 8009f18  8009f18        0     1                 $t.165
 8009f19  8009f19      4b4     1                 vListInsert
 800a3cc  800a3cc      2d2     2         /tmp/out-ff2776.o:(.text.uxListRemove)
 800a3cc  800a3cc        0     1                 $t.166
 800a3cd  800a3cd      2d2     1                 uxListRemove
 800a69e  800a69e      260     2         /tmp/out-ff2776.o:(.text.xTimerCreateTimerTask)
 800a69e  800a69e        0     1                 $t.167
 800a69f  800a69f      260     1                 xTimerCreateTimerTask
 800a8fe  800a8fe      22a     2         /tmp/out-ff2776.o:(.text.prvCheckForValidListAndQueue)
 800a8fe  800a8fe        0     1                 $t.168
 800a8ff  800a8ff      22a     1                 prvCheckForValidListAndQueue
 800ab28  800ab28       70     2         /tmp/out-ff2776.o:(.text.vApplicationGetTimerTaskMemory)
 800ab28  800ab28        0     1                 $t.169
 800ab29  800ab29       70     1                 vApplicationGetTimerTaskMemory
 800ab98  800ab98       dc     2         /tmp/out-ff2776.o:(.text.prvTimerTask)
 800ab98  800ab98        0     1                 $t.170
 800ab99  800ab99       dc     1                 prvTimerTask
 800ac74  800ac74      1ba     2         /tmp/out-ff2776.o:(.text.prvGetNextExpireTime)
 800ac74  800ac74        0     1                 $t.171
 800ac75  800ac75      1ba     1                 prvGetNextExpireTime
 800ae2e  800ae2e      446     2         /tmp/out-ff2776.o:(.text.prvProcessTimerOrBlockTask)
 800ae2e  800ae2e        0     1                 $t.172
 800ae2f  800ae2f      446     1                 prvProcessTimerOrBlockTask
 800b274  800b274      b12     4         /tmp/out-ff2776.o:(.text.prvProcessReceivedCommands)
 800b274  800b274        0     1                 $t.173
 800b275  800b275      b12     1                 prvProcessReceivedCommands
 800b696  800b696        0     1                 $d.174
 800b6a8  800b6a8        0     1                 $t.175
 800bd86  800bd86      1b8     2         /tmp/out-ff2776.o:(.text.prvSampleTimeNow)
 800bd86  800bd86        0     1                 $t.176
 800bd87  800bd87      1b8     1                 prvSampleTimeNow
 800bf3e  800bf3e      474     2         /tmp/out-ff2776.o:(.text.prvInsertTimerInActiveList)
 800bf3e  800bf3e        0     1                 $t.177
 800bf3f  800bf3f      474     1                 prvInsertTimerInActiveList
 800c3b2  800c3b2      23e     2         /tmp/out-ff2776.o:(.text.prvReloadTimer)
 800c3b2  800c3b2        0     1                 $t.178
 800c3b3  800c3b3      23e     1                 prvReloadTimer
 800c5f0  800c5f0      29c     2         /tmp/out-ff2776.o:(.text.prvSwitchTimerLists)
 800c5f0  800c5f0        0     1                 $t.179
 800c5f1  800c5f1      29c     1                 prvSwitchTimerLists
 800c88c  800c88c      2b8     2         /tmp/out-ff2776.o:(.text.prvProcessExpiredTimer)
 800c88c  800c88c        0     1                 $t.180
 800c88d  800c88d      2b8     1                 prvProcessExpiredTimer
 800cb44  800cb44       78     2         /tmp/out-ff2776.o:(.text.xQueueGenericCreateStatic)
 800cb44  800cb44        0     1                 $t.198
 800cb45  800cb45       78     1                 xQueueGenericCreateStatic
 800cbbc  800cbbc      30a     2         /tmp/out-ff2776.o:(.text.prvInitialiseNewQueue)
 800cbbc  800cbbc        0     1                 $t.199
 800cbbd  800cbbd      30a     1                 prvInitialiseNewQueue
 800cec6  800cec6      62c     2         /tmp/out-ff2776.o:(.text.xQueueGenericReset)
 800cec6  800cec6        0     1                 $t.200
 800cec7  800cec7      62c     1                 xQueueGenericReset
 800d4f2  800d4f2      600     2         /tmp/out-ff2776.o:(.text.prvUnlockQueue)
 800d4f2  800d4f2        0     1                 $t.207
 800d4f3  800d4f3      600     1                 prvUnlockQueue
 800daf2  800daf2      166     2         /tmp/out-ff2776.o:(.text.prvIsQueueEmpty)
 800daf2  800daf2        0     1                 $t.214
 800daf3  800daf3      166     1                 prvIsQueueEmpty
 800dc58  800dc58      a96     2         /tmp/out-ff2776.o:(.text.xQueueReceive)
 800dc58  800dc58        0     1                 $t.220
 800dc59  800dc59      a96     1                 xQueueReceive
 800e6ee  800e6ee      2b0     2         /tmp/out-ff2776.o:(.text.prvCopyDataFromQueue)
 800e6ee  800e6ee        0     1                 $t.221
 800e6ef  800e6ef      2b0     1                 prvCopyDataFromQueue
 800e99e  800e99e      57c     2         /tmp/out-ff2776.o:(.text.vQueueAddToRegistry)
 800e99e  800e99e        0     1                 $t.235
 800e99f  800e99f      57c     1                 vQueueAddToRegistry
 800ef1a  800ef1a      364     2         /tmp/out-ff2776.o:(.text.vQueueWaitForMessageRestricted)
 800ef1a  800ef1a        0     1                 $t.237
 800ef1b  800ef1b      364     1                 vQueueWaitForMessageRestricted
 800f280  800f280       48     4         /tmp/startup_stm32l152retx-e1a5b6.o:(.text.Reset_Handler)
 800f280  800f280        0     1                 $t.0
 800f281  800f281       34     1                 Reset_Handler
 800f28a  800f28a        0     1                 CopyDataInit
 800f290  800f290        0     1                 LoopCopyDataInit
 800f29e  800f29e        0     1                 FillZerobss
 800f2a2  800f2a2        0     1                 LoopFillZerobss
 800f2b4  800f2b4        0     1                 $d.2
 800f2c8  800f2c8        2     1         /tmp/startup_stm32l152retx-e1a5b6.o:(.text.Default_Handler)
 800f2c8  800f2c8        0     1                 Infinite_Loop
 800f2c8  800f2c8        0     1                 $t.1
 800f2c8  800f2c8        2     1                 Default_Handler
 800f2c9  800f2c9        2     1                 WWDG_IRQHandler
 800f2c9  800f2c9        2     1                 PVD_IRQHandler
 800f2c9  800f2c9        2     1                 TAMPER_STAMP_IRQHandler
 800f2c9  800f2c9        2     1                 RTC_WKUP_IRQHandler
 800f2c9  800f2c9        2     1                 FLASH_IRQHandler
 800f2c9  800f2c9        2     1                 RCC_IRQHandler
 800f2c9  800f2c9        2     1                 EXTI0_IRQHandler
 800f2c9  800f2c9        2     1                 EXTI1_IRQHandler
 800f2c9  800f2c9        2     1                 EXTI2_IRQHandler
 800f2c9  800f2c9        2     1                 EXTI3_IRQHandler
 800f2c9  800f2c9        2     1                 EXTI4_IRQHandler
 800f2c9  800f2c9        2     1                 DMA1_Channel1_IRQHandler
 800f2c9  800f2c9        2     1                 DMA1_Channel2_IRQHandler
 800f2c9  800f2c9        2     1                 DMA1_Channel3_IRQHandler
 800f2c9  800f2c9        2     1                 DMA1_Channel4_IRQHandler
 800f2c9  800f2c9        2     1                 DMA1_Channel5_IRQHandler
 800f2c9  800f2c9        2     1                 DMA1_Channel6_IRQHandler
 800f2c9  800f2c9        2     1                 DMA1_Channel7_IRQHandler
 800f2c9  800f2c9        2     1                 ADC1_IRQHandler
 800f2c9  800f2c9        2     1                 USB_HP_IRQHandler
 800f2c9  800f2c9        2     1                 USB_LP_IRQHandler
 800f2c9  800f2c9        2     1                 DAC_IRQHandler
 800f2c9  800f2c9        2     1                 COMP_IRQHandler
 800f2c9  800f2c9        2     1                 EXTI9_5_IRQHandler
 800f2c9  800f2c9        2     1                 LCD_IRQHandler
 800f2c9  800f2c9        2     1                 TIM9_IRQHandler
 800f2c9  800f2c9        2     1                 TIM10_IRQHandler
 800f2c9  800f2c9        2     1                 TIM11_IRQHandler
 800f2c9  800f2c9        2     1                 TIM2_IRQHandler
 800f2c9  800f2c9        2     1                 TIM3_IRQHandler
 800f2c9  800f2c9        2     1                 TIM4_IRQHandler
 800f2c9  800f2c9        2     1                 I2C1_EV_IRQHandler
 800f2c9  800f2c9        2     1                 I2C1_ER_IRQHandler
 800f2c9  800f2c9        2     1                 I2C2_EV_IRQHandler
 800f2c9  800f2c9        2     1                 I2C2_ER_IRQHandler
 800f2c9  800f2c9        2     1                 SPI1_IRQHandler
 800f2c9  800f2c9        2     1                 SPI2_IRQHandler
 800f2c9  800f2c9        2     1                 USART1_IRQHandler
 800f2c9  800f2c9        2     1                 USART2_IRQHandler
 800f2c9  800f2c9        2     1                 USART3_IRQHandler
 800f2c9  800f2c9        2     1                 EXTI15_10_IRQHandler
 800f2c9  800f2c9        2     1                 RTC_Alarm_IRQHandler
 800f2c9  800f2c9        2     1                 USB_FS_WKUP_IRQHandler
 800f2c9  800f2c9        2     1                 TIM6_IRQHandler
 800f2c9  800f2c9        2     1                 TIM7_IRQHandler
 800f2c9  800f2c9        2     1                 TIM5_IRQHandler
 800f2c9  800f2c9        2     1                 SPI3_IRQHandler
 800f2c9  800f2c9        2     1                 UART4_IRQHandler
 800f2c9  800f2c9        2     1                 UART5_IRQHandler
 800f2c9  800f2c9        2     1                 DMA2_Channel1_IRQHandler
 800f2c9  800f2c9        2     1                 DMA2_Channel2_IRQHandler
 800f2c9  800f2c9        2     1                 DMA2_Channel3_IRQHandler
 800f2c9  800f2c9        2     1                 DMA2_Channel4_IRQHandler
 800f2c9  800f2c9        2     1                 DMA2_Channel5_IRQHandler
 800f2c9  800f2c9        2     1                 COMP_ACQ_IRQHandler
 800f2cc  800f2cc       48     4         /home/buoffio/Downloads/LLVMEmbeddedToolchainForArm-15.0.2-Linux-x86_64/bin/../lib/clang-runtimes/armv7m_soft_nofp/lib/libc.a(libc_misc_init.c.o):(.text.__libc_init_array)
 800f2cc  800f2cc        0     1                 $t.0
 800f2cd  800f2cd       48     1                 __libc_init_array
 800f300  800f300        0     1                 $d.1
 800f314  800f314        a     2         /home/buoffio/Downloads/LLVMEmbeddedToolchainForArm-15.0.2-Linux-x86_64/bin/../lib/clang-runtimes/armv7m_soft_nofp/lib/libc.a(aeabi_memset.c.o):(.text.__aeabi_memset)
 800f314  800f314        0     1                 $t.0
 800f315  800f315        a     1                 __aeabi_memset
 800f315  800f315        a     1                 __aeabi_memset4
 800f315  800f315        a     1                 __aeabi_memset8
 800f31e  800f31e        8     2         /home/buoffio/Downloads/LLVMEmbeddedToolchainForArm-15.0.2-Linux-x86_64/bin/../lib/clang-runtimes/armv7m_soft_nofp/lib/libc.a(bzero.c.o):(.text.bzero)
 800f31e  800f31e        0     1                 $t.0
 800f31f  800f31f        8     1                 bzero
 800f31f  800f31f        8     1                 __aeabi_memclr4
 800f31f  800f31f        8     1                 __aeabi_memclr8
 800f31f  800f31f        8     1                 __aeabi_memclr
 800f326  800f326       14     2         /home/buoffio/Downloads/LLVMEmbeddedToolchainForArm-15.0.2-Linux-x86_64/bin/../lib/clang-runtimes/armv7m_soft_nofp/lib/libc.a(memcpy.c.o):(.text.memcpy)
 800f326  800f326        0     1                 $t.0
 800f327  800f327       14     1                 memcpy
 800f327  800f327       14     1                 __aeabi_memcpy4
 800f327  800f327       14     1                 __aeabi_memcpy8
 800f327  800f327       14     1                 __aeabi_memcpy
 800f33a  800f33a        e     2         /home/buoffio/Downloads/LLVMEmbeddedToolchainForArm-15.0.2-Linux-x86_64/bin/../lib/clang-runtimes/armv7m_soft_nofp/lib/libc.a(memset.c.o):(.text.memset)
 800f33a  800f33a        0     1                 $t.0
 800f33b  800f33b        e     1                 memset
 800f348  800f348      256     4         /home/buoffio/Downloads/LLVMEmbeddedToolchainForArm-15.0.2-Linux-x86_64/bin/../lib/clang-runtimes/armv7m_soft_nofp/lib/libclang_rt.builtins-armv7m.a(udivmoddi4.c.obj):(.text.__udivmoddi4)
 800f348  800f348        0     1                 $t.0
 800f349  800f349      256     1                 __udivmoddi4
 800f59e  800f59e        2     1         . = ALIGN ( 4 )
 800f5a0  800f5a0        0     1         _etext = .
 800f5a0  800f5a0       48     4 .rodata
 800f5a0  800f5a0        0     1         . = ALIGN ( 4 )
 800f5a0  800f5a0        4     4         /tmp/out-ff2776.o:(.rodata.uxTopUsedPriority)
 800f5a0  800f5a0        4     1                 uxTopUsedPriority
 800f5a4  800f5a4       20     1         <internal>:(.rodata)
 800f5c4  800f5c4        9     1         /tmp/out-ff2776.o:(.rodata.PLLMulTable)
 800f5c4  800f5c4        9     1                 PLLMulTable
 800f5cd  800f5cd       10     1         /tmp/out-ff2776.o:(.rodata.AHBPrescTable)
 800f5cd  800f5cd       10     1                 AHBPrescTable
 800f5dd  800f5dd        8     1         /tmp/out-ff2776.o:(.rodata.APBPrescTable)
 800f5dd  800f5dd        8     1                 APBPrescTable
 800f5e5  800f5e5        3     1         . = ALIGN ( 4 )
 800f5e8  800f5e8        0     1 .ARM.extab
 800f5e8  800f5e8        0     1         . = ALIGN ( 4 )
 800f5e8  800f5e8        0     1         . = ALIGN ( 4 )
 800f5e8  800f5e8       10     4 .ARM
 800f5e8  800f5e8        0     1         . = ALIGN ( 4 )
 800f5e8  800f5e8        0     1         __exidx_start = .
 800f5e8  800f5e8       10     4         <internal>:(.ARM.exidx)
 800f5f8  800f5f8        0     1         __exidx_end = .
 800f5f8  800f5f8        0     1         . = ALIGN ( 4 )
 800f5f8  800f5f8        0     1 .preinit_array
 800f5f8  800f5f8        0     1         . = ALIGN ( 4 )
 800f5f8  800f5f8        0     1         PROVIDE_HIDDEN ( __preinit_array_start = . )
 800f5f8  800f5f8        0     1         PROVIDE_HIDDEN ( __preinit_array_end = . )
 800f5f8  800f5f8        0     1         . = ALIGN ( 4 )
 800f5f8  800f5f8        0     1 .init_array
 800f5f8  800f5f8        0     1         . = ALIGN ( 4 )
 800f5f8  800f5f8        0     1         PROVIDE_HIDDEN ( __init_array_start = . )
 800f5f8  800f5f8        0     1         PROVIDE_HIDDEN ( __init_array_end = . )
 800f5f8  800f5f8        0     1         . = ALIGN ( 4 )
 800f5f8  800f5f8        0     1 .fini_array
 800f5f8  800f5f8        0     1         . = ALIGN ( 4 )
 800f5f8  800f5f8        0     1         . = ALIGN ( 4 )
 800f5f8  800f5f8        0     1 _sidata = LOADADDR ( .data )
20000000  800f5f8      358     4 .data
20000000  800f5f8        0     1         . = ALIGN ( 4 )
20000000  800f5f8        0     1         _sdata = .
20000000  800f5f8        4     4         /tmp/stm32l1xx_hal-9166f4.o:(.data.uwTickPrio)
20000000  800f5f8        4     1                 uwTickPrio
20000004  800f5fc        4     4         /tmp/stm32l1xx_hal-9166f4.o:(.data.uwTickFreq)
20000004  800f5fc        4     1                 uwTickFreq
20000008  800f600        4     4         /tmp/port-eeb2cf.o:(.data.uxCriticalNesting)
20000008  800f600        4     1                 uxCriticalNesting
2000000c  800f604       40     1         /tmp/out-ff2776.o:(.data.IP)
2000000c  800f604       40     1                 IP
2000004c  800f644       38     1         /tmp/out-ff2776.o:(.data.PC1)
2000004c  800f644       38     1                 PC1
20000084  800f67c       10     1         /tmp/out-ff2776.o:(.data.iteration_shift)
20000084  800f67c       10     1                 iteration_shift
20000094  800f68c       30     1         /tmp/out-ff2776.o:(.data.PC2)
20000094  800f68c       30     1                 PC2
200000c4  800f6bc       30     1         /tmp/out-ff2776.o:(.data.E)
200000c4  800f6bc       30     1                 E
200000f4  800f6ec      200     1         /tmp/out-ff2776.o:(.data.S)
200000f4  800f6ec      200     1                 S
200002f4  800f8ec       20     1         /tmp/out-ff2776.o:(.data.P)
200002f4  800f8ec       20     1                 P
20000314  800f90c       40     1         /tmp/out-ff2776.o:(.data.PI)
20000314  800f90c       40     1                 PI
20000354  800f94c        4     4         /tmp/out-ff2776.o:(.data.SystemCoreClock)
20000354  800f94c        4     1                 SystemCoreClock
20000358  800f950        0     1         . = ALIGN ( 4 )
20000358  800f950        0     1         _edata = .
20000358  800f950        0     1 . = ALIGN ( 4 )
20000358 20000358     1bec     4 .bss
20000358 20000358        0     1         _sbss = .
20000358 20000358        0     1         __bss_start__ = _sbss
20000358 20000358        4     4         /tmp/stm32l1xx_hal-9166f4.o:(.bss.uwTick)
20000358 20000358        4     1                 uwTick
2000035c 2000035c        4     4         /tmp/heap_4-69dfe5.o:(.bss.pxEnd)
2000035c 2000035c        4     1                 pxEnd
20000360 20000360        4     4         /tmp/heap_4-69dfe5.o:(.bss.xBlockAllocatedBit)
20000360 20000360        4     1                 xBlockAllocatedBit
20000364 20000364        4     4         /tmp/heap_4-69dfe5.o:(.bss.xFreeBytesRemaining)
20000364 20000364        4     1                 xFreeBytesRemaining
20000368 20000368        8     4         /tmp/heap_4-69dfe5.o:(.bss.xStart)
20000368 20000368        8     1                 xStart
20000370 20000370        4     4         /tmp/heap_4-69dfe5.o:(.bss.xMinimumEverFreeBytesRemaining)
20000370 20000370        4     1                 xMinimumEverFreeBytesRemaining
20000374 20000374        4     4         /tmp/heap_4-69dfe5.o:(.bss.xNumberOfSuccessfulAllocations)
20000374 20000374        4     1                 xNumberOfSuccessfulAllocations
20000378 20000378        4     4         /tmp/heap_4-69dfe5.o:(.bss.xNumberOfSuccessfulFrees)
20000378 20000378        4     1                 xNumberOfSuccessfulFrees
2000037c 2000037c      c00     1         /tmp/heap_4-69dfe5.o:(.bss.ucHeap)
2000037c 2000037c      c00     1                 ucHeap
20000f7c 20000f7c        4     4         /tmp/out-ff2776.o:(.bss.COUNT)
20000f7c 20000f7c        4     1                 COUNT
20000f80 20000f80        4     4         /tmp/out-ff2776.o:(.bss.pxCurrentTCB)
20000f80 20000f80        4     1                 pxCurrentTCB
20000f84 20000f84       5c     4         /tmp/out-ff2776.o:(.bss.Idle_TCB)
20000f84 20000f84       5c     1                 Idle_TCB
20000fe0 20000fe0      200     4         /tmp/out-ff2776.o:(.bss.Idle_Stack)
20000fe0 20000fe0      200     1                 Idle_Stack
200011e0 200011e0        4     4         /tmp/out-ff2776.o:(.bss.uxTaskNumber)
200011e0 200011e0        4     1                 uxTaskNumber
200011e4 200011e4       14     4         /tmp/out-ff2776.o:(.bss.xTasksWaitingTermination)
200011e4 200011e4       14     1                 xTasksWaitingTermination
200011f8 200011f8        4     4         /tmp/out-ff2776.o:(.bss.uxDeletedTasksWaitingCleanUp)
200011f8 200011f8        4     1                 uxDeletedTasksWaitingCleanUp
200011fc 200011fc        4     4         /tmp/out-ff2776.o:(.bss.uxCurrentNumberOfTasks)
200011fc 200011fc        4     1                 uxCurrentNumberOfTasks
20001200 20001200        4     4         /tmp/out-ff2776.o:(.bss.xSchedulerRunning)
20001200 20001200        4     1                 xSchedulerRunning
20001204 20001204        4     4         /tmp/out-ff2776.o:(.bss.xTickCount)
20001204 20001204        4     1                 xTickCount
20001208 20001208        4     4         /tmp/out-ff2776.o:(.bss.pxDelayedTaskList)
20001208 20001208        4     1                 pxDelayedTaskList
2000120c 2000120c        4     4         /tmp/out-ff2776.o:(.bss.pxOverflowDelayedTaskList)
2000120c 2000120c        4     1                 pxOverflowDelayedTaskList
20001210 20001210       14     4         /tmp/out-ff2776.o:(.bss.xSuspendedTaskList)
20001210 20001210       14     1                 xSuspendedTaskList
20001224 20001224      460     4         /tmp/out-ff2776.o:(.bss.pxReadyTasksLists)
20001224 20001224      460     1                 pxReadyTasksLists
20001684 20001684        4     4         /tmp/out-ff2776.o:(.bss.uxTopReadyPriority)
20001684 20001684        4     1                 uxTopReadyPriority
20001688 20001688        4     4         /tmp/out-ff2776.o:(.bss.uxSchedulerSuspended)
20001688 20001688        4     1                 uxSchedulerSuspended
2000168c 2000168c        4     4         /tmp/out-ff2776.o:(.bss.xYieldPending)
2000168c 2000168c        4     1                 xYieldPending
20001690 20001690       14     4         /tmp/out-ff2776.o:(.bss.xPendingReadyList)
20001690 20001690       14     1                 xPendingReadyList
200016a4 200016a4        4     4         /tmp/out-ff2776.o:(.bss.xIdleTaskHandle)
200016a4 200016a4        4     1                 xIdleTaskHandle
200016a8 200016a8        4     4         /tmp/out-ff2776.o:(.bss.xNextTaskUnblockTime)
200016a8 200016a8        4     1                 xNextTaskUnblockTime
200016ac 200016ac        4     4         /tmp/out-ff2776.o:(.bss.xPendedTicks)
200016ac 200016ac        4     1                 xPendedTicks
200016b0 200016b0        4     4         /tmp/out-ff2776.o:(.bss.xNumOfOverflows)
200016b0 200016b0        4     1                 xNumOfOverflows
200016b4 200016b4       14     4         /tmp/out-ff2776.o:(.bss.xDelayedTaskList1)
200016b4 200016b4       14     1                 xDelayedTaskList1
200016c8 200016c8       14     4         /tmp/out-ff2776.o:(.bss.xDelayedTaskList2)
200016c8 200016c8       14     1                 xDelayedTaskList2
200016dc 200016dc       4c     4         /tmp/out-ff2776.o:(.bss.huart2)
200016dc 200016dc       4c     1                 huart2
20001728 20001728       54     4         /tmp/out-ff2776.o:(.bss.htim6)
20001728 20001728       54     1                 htim6
2000177c 2000177c        4     4         /tmp/out-ff2776.o:(.bss.xTimerQueue)
2000177c 2000177c        4     1                 xTimerQueue
20001780 20001780        4     4         /tmp/out-ff2776.o:(.bss.xTimerTaskHandle)
20001780 20001780        4     1                 xTimerTaskHandle
20001784 20001784       5c     4         /tmp/out-ff2776.o:(.bss.Timer_TCB)
20001784 20001784       5c     1                 Timer_TCB
200017e0 200017e0      400     4         /tmp/out-ff2776.o:(.bss.Timer_Stack)
200017e0 200017e0      400     1                 Timer_Stack
20001be0 20001be0        4     4         /tmp/out-ff2776.o:(.bss.pxCurrentTimerList)
20001be0 20001be0        4     1                 pxCurrentTimerList
20001be4 20001be4        4     4         /tmp/out-ff2776.o:(.bss.pxOverflowTimerList)
20001be4 20001be4        4     1                 pxOverflowTimerList
20001be8 20001be8        4     4         /tmp/out-ff2776.o:(.bss.prvSampleTimeNow.xLastTime)
20001be8 20001be8        4     1                 prvSampleTimeNow.xLastTime
20001bec 20001bec       14     4         /tmp/out-ff2776.o:(.bss.xActiveTimerList1)
20001bec 20001bec       14     1                 xActiveTimerList1
20001c00 20001c00       14     4         /tmp/out-ff2776.o:(.bss.xActiveTimerList2)
20001c00 20001c00       14     1                 xActiveTimerList2
20001c14 20001c14       50     4         /tmp/out-ff2776.o:(.bss.prvCheckForValidListAndQueue.xStaticTimerQueue)
20001c14 20001c14       50     1                 prvCheckForValidListAndQueue.xStaticTimerQueue
20001c64 20001c64       a0     1         /tmp/out-ff2776.o:(.bss.prvCheckForValidListAndQueue.ucStaticTimerQueueStorage)
20001c64 20001c64       a0     1                 prvCheckForValidListAndQueue.ucStaticTimerQueueStorage
20001d04 20001d04       40     4         /tmp/out-ff2776.o:(.bss.xQueueRegistry)
20001d04 20001d04       40     1                 xQueueRegistry
20001d44 20001d44        4     4         /tmp/out-ff2776.o:(.bss.G)
20001d44 20001d44        4     1                 G
20001d48 20001d48        4     4         /tmp/out-ff2776.o:(.bss.D)
20001d48 20001d48        4     1                 D
20001d4c 20001d4c        4     4         /tmp/out-ff2776.o:(.bss.G.1)
20001d4c 20001d4c        4     1                 G.1
20001d50 20001d50        4     4         /tmp/out-ff2776.o:(.bss.D.2)
20001d50 20001d50        4     1                 D.2
20001d54 20001d54        4     4         /tmp/out-ff2776.o:(.bss.G.3)
20001d54 20001d54        4     1                 G.3
20001d58 20001d58        4     4         /tmp/out-ff2776.o:(.bss.D.4)
20001d58 20001d58        4     1                 D.4
20001d5c 20001d5c        4     4         /tmp/out-ff2776.o:(.bss.G.5)
20001d5c 20001d5c        4     1                 G.5
20001d60 20001d60        4     4         /tmp/out-ff2776.o:(.bss.D.6)
20001d60 20001d60        4     1                 D.6
20001d64 20001d64        4     4         /tmp/out-ff2776.o:(.bss.G.7)
20001d64 20001d64        4     1                 G.7
20001d68 20001d68        4     4         /tmp/out-ff2776.o:(.bss.D.8)
20001d68 20001d68        4     1                 D.8
20001d6c 20001d6c        4     4         /tmp/out-ff2776.o:(.bss.G.9)
20001d6c 20001d6c        4     1                 G.9
20001d70 20001d70        4     4         /tmp/out-ff2776.o:(.bss.D.10)
20001d70 20001d70        4     1                 D.10
20001d74 20001d74        4     4         /tmp/out-ff2776.o:(.bss.G.11)
20001d74 20001d74        4     1                 G.11
20001d78 20001d78        4     4         /tmp/out-ff2776.o:(.bss.D.12)
20001d78 20001d78        4     1                 D.12
20001d7c 20001d7c        4     4         /tmp/out-ff2776.o:(.bss.G.31)
20001d7c 20001d7c        4     1                 G.31
20001d80 20001d80        4     4         /tmp/out-ff2776.o:(.bss.D.32)
20001d80 20001d80        4     1                 D.32
20001d84 20001d84        4     4         /tmp/out-ff2776.o:(.bss.G.35)
20001d84 20001d84        4     1                 G.35
20001d88 20001d88        4     4         /tmp/out-ff2776.o:(.bss.D.36)
20001d88 20001d88        4     1                 D.36
20001d8c 20001d8c        4     4         /tmp/out-ff2776.o:(.bss.G.37)
20001d8c 20001d8c        4     1                 G.37
20001d90 20001d90        4     4         /tmp/out-ff2776.o:(.bss.D.38)
20001d90 20001d90        4     1                 D.38
20001d94 20001d94        4     4         /tmp/out-ff2776.o:(.bss.G.49)
20001d94 20001d94        4     1                 G.49
20001d98 20001d98        4     4         /tmp/out-ff2776.o:(.bss.D.50)
20001d98 20001d98        4     1                 D.50
20001d9c 20001d9c        4     4         /tmp/out-ff2776.o:(.bss.G.51)
20001d9c 20001d9c        4     1                 G.51
20001da0 20001da0        4     4         /tmp/out-ff2776.o:(.bss.D.52)
20001da0 20001da0        4     1                 D.52
20001da4 20001da4        4     4         /tmp/out-ff2776.o:(.bss.G.55)
20001da4 20001da4        4     1                 G.55
20001da8 20001da8        4     4         /tmp/out-ff2776.o:(.bss.D.56)
20001da8 20001da8        4     1                 D.56
20001dac 20001dac        4     4         /tmp/out-ff2776.o:(.bss.G.57)
20001dac 20001dac        4     1                 G.57
20001db0 20001db0        4     4         /tmp/out-ff2776.o:(.bss.D.58)
20001db0 20001db0        4     1                 D.58
20001db4 20001db4        4     4         /tmp/out-ff2776.o:(.bss.G.63)
20001db4 20001db4        4     1                 G.63
20001db8 20001db8        4     4         /tmp/out-ff2776.o:(.bss.D.64)
20001db8 20001db8        4     1                 D.64
20001dbc 20001dbc        4     4         /tmp/out-ff2776.o:(.bss.G.65)
20001dbc 20001dbc        4     1                 G.65
20001dc0 20001dc0        4     4         /tmp/out-ff2776.o:(.bss.D.66)
20001dc0 20001dc0        4     1                 D.66
20001dc4 20001dc4        4     4         /tmp/out-ff2776.o:(.bss.G.67)
20001dc4 20001dc4        4     1                 G.67
20001dc8 20001dc8        4     4         /tmp/out-ff2776.o:(.bss.D.68)
20001dc8 20001dc8        4     1                 D.68
20001dcc 20001dcc        4     4         /tmp/out-ff2776.o:(.bss.G.105)
20001dcc 20001dcc        4     1                 G.105
20001dd0 20001dd0        4     4         /tmp/out-ff2776.o:(.bss.D.106)
20001dd0 20001dd0        4     1                 D.106
20001dd4 20001dd4        4     4         /tmp/out-ff2776.o:(.bss.G.107)
20001dd4 20001dd4        4     1                 G.107
20001dd8 20001dd8        4     4         /tmp/out-ff2776.o:(.bss.D.108)
20001dd8 20001dd8        4     1                 D.108
20001ddc 20001ddc        4     4         /tmp/out-ff2776.o:(.bss.G.109)
20001ddc 20001ddc        4     1                 G.109
20001de0 20001de0        4     4         /tmp/out-ff2776.o:(.bss.D.110)
20001de0 20001de0        4     1                 D.110
20001de4 20001de4        4     4         /tmp/out-ff2776.o:(.bss.G.113)
20001de4 20001de4        4     1                 G.113
20001de8 20001de8        4     4         /tmp/out-ff2776.o:(.bss.D.114)
20001de8 20001de8        4     1                 D.114
20001dec 20001dec        4     4         /tmp/out-ff2776.o:(.bss.G.115)
20001dec 20001dec        4     1                 G.115
20001df0 20001df0        4     4         /tmp/out-ff2776.o:(.bss.D.116)
20001df0 20001df0        4     1                 D.116
20001df4 20001df4        4     4         /tmp/out-ff2776.o:(.bss.G.121)
20001df4 20001df4        4     1                 G.121
20001df8 20001df8        4     4         /tmp/out-ff2776.o:(.bss.D.122)
20001df8 20001df8        4     1                 D.122
20001dfc 20001dfc        4     4         /tmp/out-ff2776.o:(.bss.G.123)
20001dfc 20001dfc        4     1                 G.123
20001e00 20001e00        4     4         /tmp/out-ff2776.o:(.bss.D.124)
20001e00 20001e00        4     1                 D.124
20001e04 20001e04        4     4         /tmp/out-ff2776.o:(.bss.G.125)
20001e04 20001e04        4     1                 G.125
20001e08 20001e08        4     4         /tmp/out-ff2776.o:(.bss.D.126)
20001e08 20001e08        4     1                 D.126
20001e0c 20001e0c        4     4         /tmp/out-ff2776.o:(.bss.G.157)
20001e0c 20001e0c        4     1                 G.157
20001e10 20001e10        4     4         /tmp/out-ff2776.o:(.bss.D.158)
20001e10 20001e10        4     1                 D.158
20001e14 20001e14        4     4         /tmp/out-ff2776.o:(.bss.G.161)
20001e14 20001e14        4     1                 G.161
20001e18 20001e18        4     4         /tmp/out-ff2776.o:(.bss.D.162)
20001e18 20001e18        4     1                 D.162
20001e1c 20001e1c        4     4         /tmp/out-ff2776.o:(.bss.G.203)
20001e1c 20001e1c        4     1                 G.203
20001e20 20001e20        4     4         /tmp/out-ff2776.o:(.bss.D.204)
20001e20 20001e20        4     1                 D.204
20001e24 20001e24        4     4         /tmp/out-ff2776.o:(.bss.G.205)
20001e24 20001e24        4     1                 G.205
20001e28 20001e28        4     4         /tmp/out-ff2776.o:(.bss.D.206)
20001e28 20001e28        4     1                 D.206
20001e2c 20001e2c        4     4         /tmp/out-ff2776.o:(.bss.G.207)
20001e2c 20001e2c        4     1                 G.207
20001e30 20001e30        4     4         /tmp/out-ff2776.o:(.bss.D.208)
20001e30 20001e30        4     1                 D.208
20001e34 20001e34        4     4         /tmp/out-ff2776.o:(.bss.G.209)
20001e34 20001e34        4     1                 G.209
20001e38 20001e38        4     4         /tmp/out-ff2776.o:(.bss.D.210)
20001e38 20001e38        4     1                 D.210
20001e3c 20001e3c        4     4         /tmp/out-ff2776.o:(.bss.G.211)
20001e3c 20001e3c        4     1                 G.211
20001e40 20001e40        4     4         /tmp/out-ff2776.o:(.bss.D.212)
20001e40 20001e40        4     1                 D.212
20001e44 20001e44        4     4         /tmp/out-ff2776.o:(.bss.G.213)
20001e44 20001e44        4     1                 G.213
20001e48 20001e48        4     4         /tmp/out-ff2776.o:(.bss.D.214)
20001e48 20001e48        4     1                 D.214
20001e4c 20001e4c        4     4         /tmp/out-ff2776.o:(.bss.G.215)
20001e4c 20001e4c        4     1                 G.215
20001e50 20001e50        4     4         /tmp/out-ff2776.o:(.bss.D.216)
20001e50 20001e50        4     1                 D.216
20001e54 20001e54        4     4         /tmp/out-ff2776.o:(.bss.G.217)
20001e54 20001e54        4     1                 G.217
20001e58 20001e58        4     4         /tmp/out-ff2776.o:(.bss.D.218)
20001e58 20001e58        4     1                 D.218
20001e5c 20001e5c        4     4         /tmp/out-ff2776.o:(.bss.G.269)
20001e5c 20001e5c        4     1                 G.269
20001e60 20001e60        4     4         /tmp/out-ff2776.o:(.bss.D.270)
20001e60 20001e60        4     1                 D.270
20001e64 20001e64        4     4         /tmp/out-ff2776.o:(.bss.G.271)
20001e64 20001e64        4     1                 G.271
20001e68 20001e68        4     4         /tmp/out-ff2776.o:(.bss.D.272)
20001e68 20001e68        4     1                 D.272
20001e6c 20001e6c        4     4         /tmp/out-ff2776.o:(.bss.G.273)
20001e6c 20001e6c        4     1                 G.273
20001e70 20001e70        4     4         /tmp/out-ff2776.o:(.bss.D.274)
20001e70 20001e70        4     1                 D.274
20001e74 20001e74        4     4         /tmp/out-ff2776.o:(.bss.G.275)
20001e74 20001e74        4     1                 G.275
20001e78 20001e78        4     4         /tmp/out-ff2776.o:(.bss.D.276)
20001e78 20001e78        4     1                 D.276
20001e7c 20001e7c        4     4         /tmp/out-ff2776.o:(.bss.G.277)
20001e7c 20001e7c        4     1                 G.277
20001e80 20001e80        4     4         /tmp/out-ff2776.o:(.bss.D.278)
20001e80 20001e80        4     1                 D.278
20001e84 20001e84        4     4         /tmp/out-ff2776.o:(.bss.G.281)
20001e84 20001e84        4     1                 G.281
20001e88 20001e88        4     4         /tmp/out-ff2776.o:(.bss.D.282)
20001e88 20001e88        4     1                 D.282
20001e8c 20001e8c        4     4         /tmp/out-ff2776.o:(.bss.G.287)
20001e8c 20001e8c        4     1                 G.287
20001e90 20001e90        4     4         /tmp/out-ff2776.o:(.bss.D.288)
20001e90 20001e90        4     1                 D.288
20001e94 20001e94        4     4         /tmp/out-ff2776.o:(.bss.G.291)
20001e94 20001e94        4     1                 G.291
20001e98 20001e98        4     4         /tmp/out-ff2776.o:(.bss.D.292)
20001e98 20001e98        4     1                 D.292
20001e9c 20001e9c        4     4         /tmp/out-ff2776.o:(.bss.G.293)
20001e9c 20001e9c        4     1                 G.293
20001ea0 20001ea0        4     4         /tmp/out-ff2776.o:(.bss.D.294)
20001ea0 20001ea0        4     1                 D.294
20001ea4 20001ea4        4     4         /tmp/out-ff2776.o:(.bss.G.295)
20001ea4 20001ea4        4     1                 G.295
20001ea8 20001ea8        4     4         /tmp/out-ff2776.o:(.bss.D.296)
20001ea8 20001ea8        4     1                 D.296
20001eac 20001eac        4     4         /tmp/out-ff2776.o:(.bss.G.297)
20001eac 20001eac        4     1                 G.297
20001eb0 20001eb0        4     4         /tmp/out-ff2776.o:(.bss.D.298)
20001eb0 20001eb0        4     1                 D.298
20001eb4 20001eb4        4     4         /tmp/out-ff2776.o:(.bss.G.299)
20001eb4 20001eb4        4     1                 G.299
20001eb8 20001eb8        4     4         /tmp/out-ff2776.o:(.bss.D.300)
20001eb8 20001eb8        4     1                 D.300
20001ebc 20001ebc        4     4         /tmp/out-ff2776.o:(.bss.G.301)
20001ebc 20001ebc        4     1                 G.301
20001ec0 20001ec0        4     4         /tmp/out-ff2776.o:(.bss.D.302)
20001ec0 20001ec0        4     1                 D.302
20001ec4 20001ec4        4     4         /tmp/out-ff2776.o:(.bss.G.303)
20001ec4 20001ec4        4     1                 G.303
20001ec8 20001ec8        4     4         /tmp/out-ff2776.o:(.bss.D.304)
20001ec8 20001ec8        4     1                 D.304
20001ecc 20001ecc        4     4         /tmp/out-ff2776.o:(.bss.G.305)
20001ecc 20001ecc        4     1                 G.305
20001ed0 20001ed0        4     4         /tmp/out-ff2776.o:(.bss.D.306)
20001ed0 20001ed0        4     1                 D.306
20001ed4 20001ed4        4     4         /tmp/out-ff2776.o:(.bss.G.307)
20001ed4 20001ed4        4     1                 G.307
20001ed8 20001ed8        4     4         /tmp/out-ff2776.o:(.bss.D.308)
20001ed8 20001ed8        4     1                 D.308
20001edc 20001edc        4     4         /tmp/out-ff2776.o:(.bss.G.309)
20001edc 20001edc        4     1                 G.309
20001ee0 20001ee0        4     4         /tmp/out-ff2776.o:(.bss.D.310)
20001ee0 20001ee0        4     1                 D.310
20001ee4 20001ee4        4     4         /tmp/out-ff2776.o:(.bss.G.311)
20001ee4 20001ee4        4     1                 G.311
20001ee8 20001ee8        4     4         /tmp/out-ff2776.o:(.bss.D.312)
20001ee8 20001ee8        4     1                 D.312
20001eec 20001eec        4     4         /tmp/out-ff2776.o:(.bss.G.313)
20001eec 20001eec        4     1                 G.313
20001ef0 20001ef0        4     4         /tmp/out-ff2776.o:(.bss.D.314)
20001ef0 20001ef0        4     1                 D.314
20001ef4 20001ef4        4     4         /tmp/out-ff2776.o:(.bss.G.315)
20001ef4 20001ef4        4     1                 G.315
20001ef8 20001ef8        4     4         /tmp/out-ff2776.o:(.bss.D.316)
20001ef8 20001ef8        4     1                 D.316
20001efc 20001efc        4     4         /tmp/out-ff2776.o:(.bss.G.317)
20001efc 20001efc        4     1                 G.317
20001f00 20001f00        4     4         /tmp/out-ff2776.o:(.bss.D.318)
20001f00 20001f00        4     1                 D.318
20001f04 20001f04        4     4         /tmp/out-ff2776.o:(.bss.G.353)
20001f04 20001f04        4     1                 G.353
20001f08 20001f08        4     4         /tmp/out-ff2776.o:(.bss.D.354)
20001f08 20001f08        4     1                 D.354
20001f0c 20001f0c        4     4         /tmp/out-ff2776.o:(.bss.G.355)
20001f0c 20001f0c        4     1                 G.355
20001f10 20001f10        4     4         /tmp/out-ff2776.o:(.bss.D.356)
20001f10 20001f10        4     1                 D.356
20001f14 20001f14        4     4         /tmp/out-ff2776.o:(.bss.G.369)
20001f14 20001f14        4     1                 G.369
20001f18 20001f18        4     4         /tmp/out-ff2776.o:(.bss.D.370)
20001f18 20001f18        4     1                 D.370
20001f1c 20001f1c        4     4         /tmp/out-ff2776.o:(.bss.G.383)
20001f1c 20001f1c        4     1                 G.383
20001f20 20001f20        4     4         /tmp/out-ff2776.o:(.bss.D.384)
20001f20 20001f20        4     1                 D.384
20001f24 20001f24        4     4         /tmp/out-ff2776.o:(.bss.G.395)
20001f24 20001f24        4     1                 G.395
20001f28 20001f28        4     4         /tmp/out-ff2776.o:(.bss.D.396)
20001f28 20001f28        4     1                 D.396
20001f2c 20001f2c        4     4         /tmp/out-ff2776.o:(.bss.G.397)
20001f2c 20001f2c        4     1                 G.397
20001f30 20001f30        4     4         /tmp/out-ff2776.o:(.bss.D.398)
20001f30 20001f30        4     1                 D.398
20001f34 20001f34        4     4         /tmp/out-ff2776.o:(.bss.G.425)
20001f34 20001f34        4     1                 G.425
20001f38 20001f38        4     4         /tmp/out-ff2776.o:(.bss.D.426)
20001f38 20001f38        4     1                 D.426
20001f3c 20001f3c        4     4         /tmp/out-ff2776.o:(.bss.G.429)
20001f3c 20001f3c        4     1                 G.429
20001f40 20001f40        4     4         /tmp/out-ff2776.o:(.bss.D.430)
20001f40 20001f40        4     1                 D.430
20001f44 20001f44        0     1         . = ALIGN ( 4 )
20001f44 20001f44        0     1         _ebss = .
20001f44 20001f44        0     1         __bss_end__ = _ebss
20001f44 20001f44      604     1 ._user_heap_stack
20001f44 20001f44        4     1         . = ALIGN ( 8 )
20001f48 20001f48        0     1         PROVIDE ( _end = . )
20001f48 20001f48      200     1         . = . + _Min_Heap_Size
20002148 20002148      400     1         . = . + _Min_Stack_Size
20002548 20002548        0     1         . = ALIGN ( 8 )
       0        0       41     1 .ARM.attributes
       0        0       41     1         /home/buoffio/Downloads/LLVMEmbeddedToolchainForArm-15.0.2-Linux-x86_64/bin/../lib/clang-runtimes/armv7m_soft_nofp/lib/crt0.o:(.ARM.attributes)
       0        0      46d     1 .debug_abbrev
       0        0       92     1         /home/buoffio/Downloads/LLVMEmbeddedToolchainForArm-15.0.2-Linux-x86_64/bin/../lib/clang-runtimes/armv7m_soft_nofp/lib/crt0.o:(.debug_abbrev)
      92       92       2e     1         /home/buoffio/Downloads/LLVMEmbeddedToolchainForArm-15.0.2-Linux-x86_64/bin/../lib/clang-runtimes/armv7m_soft_nofp/lib/libc.a(libc_errno_errno.c.o):(.debug_abbrev)
      c0       c0       54     1         /home/buoffio/Downloads/LLVMEmbeddedToolchainForArm-15.0.2-Linux-x86_64/bin/../lib/clang-runtimes/armv7m_soft_nofp/lib/libc.a(libc_misc_init.c.o):(.debug_abbrev)
     114      114       75     1         /home/buoffio/Downloads/LLVMEmbeddedToolchainForArm-15.0.2-Linux-x86_64/bin/../lib/clang-runtimes/armv7m_soft_nofp/lib/libc.a(libc_picolib_machine_arm_interrupt.c.o):(.debug_abbrev)
     189      189       76     1         /home/buoffio/Downloads/LLVMEmbeddedToolchainForArm-15.0.2-Linux-x86_64/bin/../lib/clang-runtimes/armv7m_soft_nofp/lib/libc.a(libc_picolib_machine_arm_tls.c.o):(.debug_abbrev)
     1ff      1ff       21     1         /home/buoffio/Downloads/LLVMEmbeddedToolchainForArm-15.0.2-Linux-x86_64/bin/../lib/clang-runtimes/armv7m_soft_nofp/lib/libc.a(libc_picolib_machine_arm_read_tp.S.o):(.debug_abbrev)
     220      220       94     1         /home/buoffio/Downloads/LLVMEmbeddedToolchainForArm-15.0.2-Linux-x86_64/bin/../lib/clang-runtimes/armv7m_soft_nofp/lib/libc.a(aeabi_memset.c.o):(.debug_abbrev)
     2b4      2b4       94     1         /home/buoffio/Downloads/LLVMEmbeddedToolchainForArm-15.0.2-Linux-x86_64/bin/../lib/clang-runtimes/armv7m_soft_nofp/lib/libc.a(bzero.c.o):(.debug_abbrev)
     348      348       a0     1         /home/buoffio/Downloads/LLVMEmbeddedToolchainForArm-15.0.2-Linux-x86_64/bin/../lib/clang-runtimes/armv7m_soft_nofp/lib/libc.a(memcpy.c.o):(.debug_abbrev)
     3e8      3e8       85     1         /home/buoffio/Downloads/LLVMEmbeddedToolchainForArm-15.0.2-Linux-x86_64/bin/../lib/clang-runtimes/armv7m_soft_nofp/lib/libc.a(memset.c.o):(.debug_abbrev)
       0        0      52a     1 .debug_info
       0        0       73     1         /home/buoffio/Downloads/LLVMEmbeddedToolchainForArm-15.0.2-Linux-x86_64/bin/../lib/clang-runtimes/armv7m_soft_nofp/lib/crt0.o:(.debug_info)
      73       73       2e     1         /home/buoffio/Downloads/LLVMEmbeddedToolchainForArm-15.0.2-Linux-x86_64/bin/../lib/clang-runtimes/armv7m_soft_nofp/lib/libc.a(libc_errno_errno.c.o):(.debug_info)
      a1       a1       4c     1         /home/buoffio/Downloads/LLVMEmbeddedToolchainForArm-15.0.2-Linux-x86_64/bin/../lib/clang-runtimes/armv7m_soft_nofp/lib/libc.a(libc_misc_init.c.o):(.debug_info)
      ed       ed       66     1         /home/buoffio/Downloads/LLVMEmbeddedToolchainForArm-15.0.2-Linux-x86_64/bin/../lib/clang-runtimes/armv7m_soft_nofp/lib/libc.a(libc_picolib_machine_arm_interrupt.c.o):(.debug_info)
     153      153       62     1         /home/buoffio/Downloads/LLVMEmbeddedToolchainForArm-15.0.2-Linux-x86_64/bin/../lib/clang-runtimes/armv7m_soft_nofp/lib/libc.a(libc_picolib_machine_arm_tls.c.o):(.debug_info)
     1b5      1b5      171     1         /home/buoffio/Downloads/LLVMEmbeddedToolchainForArm-15.0.2-Linux-x86_64/bin/../lib/clang-runtimes/armv7m_soft_nofp/lib/libc.a(libc_picolib_machine_arm_read_tp.S.o):(.debug_info)
     326      326       7f     1         /home/buoffio/Downloads/LLVMEmbeddedToolchainForArm-15.0.2-Linux-x86_64/bin/../lib/clang-runtimes/armv7m_soft_nofp/lib/libc.a(aeabi_memset.c.o):(.debug_info)
     3a5      3a5       76     1         /home/buoffio/Downloads/LLVMEmbeddedToolchainForArm-15.0.2-Linux-x86_64/bin/../lib/clang-runtimes/armv7m_soft_nofp/lib/libc.a(bzero.c.o):(.debug_info)
     41b      41b       97     1         /home/buoffio/Downloads/LLVMEmbeddedToolchainForArm-15.0.2-Linux-x86_64/bin/../lib/clang-runtimes/armv7m_soft_nofp/lib/libc.a(memcpy.c.o):(.debug_info)
     4b2      4b2       78     1         /home/buoffio/Downloads/LLVMEmbeddedToolchainForArm-15.0.2-Linux-x86_64/bin/../lib/clang-runtimes/armv7m_soft_nofp/lib/libc.a(memset.c.o):(.debug_info)
       0        0       2e     1 .debug_rnglists
       0        0       17     1         /home/buoffio/Downloads/LLVMEmbeddedToolchainForArm-15.0.2-Linux-x86_64/bin/../lib/clang-runtimes/armv7m_soft_nofp/lib/crt0.o:(.debug_rnglists)
      17       17       17     1         /home/buoffio/Downloads/LLVMEmbeddedToolchainForArm-15.0.2-Linux-x86_64/bin/../lib/clang-runtimes/armv7m_soft_nofp/lib/libc.a(libc_picolib_machine_arm_interrupt.c.o):(.debug_rnglists)
       0        0      1a0     1 .debug_str_offsets
       0        0       34     1         /home/buoffio/Downloads/LLVMEmbeddedToolchainForArm-15.0.2-Linux-x86_64/bin/../lib/clang-runtimes/armv7m_soft_nofp/lib/crt0.o:(.debug_str_offsets)
      34       34       1c     1         /home/buoffio/Downloads/LLVMEmbeddedToolchainForArm-15.0.2-Linux-x86_64/bin/../lib/clang-runtimes/armv7m_soft_nofp/lib/libc.a(libc_errno_errno.c.o):(.debug_str_offsets)
      50       50       28     1         /home/buoffio/Downloads/LLVMEmbeddedToolchainForArm-15.0.2-Linux-x86_64/bin/../lib/clang-runtimes/armv7m_soft_nofp/lib/libc.a(libc_misc_init.c.o):(.debug_str_offsets)
      78       78       24     1         /home/buoffio/Downloads/LLVMEmbeddedToolchainForArm-15.0.2-Linux-x86_64/bin/../lib/clang-runtimes/armv7m_soft_nofp/lib/libc.a(libc_picolib_machine_arm_interrupt.c.o):(.debug_str_offsets)
      9c       9c       2c     1         /home/buoffio/Downloads/LLVMEmbeddedToolchainForArm-15.0.2-Linux-x86_64/bin/../lib/clang-runtimes/armv7m_soft_nofp/lib/libc.a(libc_picolib_machine_arm_tls.c.o):(.debug_str_offsets)
      c8       c8       34     1         /home/buoffio/Downloads/LLVMEmbeddedToolchainForArm-15.0.2-Linux-x86_64/bin/../lib/clang-runtimes/armv7m_soft_nofp/lib/libc.a(aeabi_memset.c.o):(.debug_str_offsets)
      fc       fc       30     1         /home/buoffio/Downloads/LLVMEmbeddedToolchainForArm-15.0.2-Linux-x86_64/bin/../lib/clang-runtimes/armv7m_soft_nofp/lib/libc.a(bzero.c.o):(.debug_str_offsets)
     12c      12c       3c     1         /home/buoffio/Downloads/LLVMEmbeddedToolchainForArm-15.0.2-Linux-x86_64/bin/../lib/clang-runtimes/armv7m_soft_nofp/lib/libc.a(memcpy.c.o):(.debug_str_offsets)
     168      168       38     1         /home/buoffio/Downloads/LLVMEmbeddedToolchainForArm-15.0.2-Linux-x86_64/bin/../lib/clang-runtimes/armv7m_soft_nofp/lib/libc.a(memset.c.o):(.debug_str_offsets)
       0        0      493     1 .debug_str
       0        0      493     1         <internal>:(.debug_str)
       0        0       78     1 .debug_addr
       0        0       10     1         /home/buoffio/Downloads/LLVMEmbeddedToolchainForArm-15.0.2-Linux-x86_64/bin/../lib/clang-runtimes/armv7m_soft_nofp/lib/crt0.o:(.debug_addr)
      10       10        c     1         /home/buoffio/Downloads/LLVMEmbeddedToolchainForArm-15.0.2-Linux-x86_64/bin/../lib/clang-runtimes/armv7m_soft_nofp/lib/libc.a(libc_misc_init.c.o):(.debug_addr)
      1c       1c       14     1         /home/buoffio/Downloads/LLVMEmbeddedToolchainForArm-15.0.2-Linux-x86_64/bin/../lib/clang-runtimes/armv7m_soft_nofp/lib/libc.a(libc_picolib_machine_arm_interrupt.c.o):(.debug_addr)
      30       30       10     1         /home/buoffio/Downloads/LLVMEmbeddedToolchainForArm-15.0.2-Linux-x86_64/bin/../lib/clang-runtimes/armv7m_soft_nofp/lib/libc.a(libc_picolib_machine_arm_tls.c.o):(.debug_addr)
      40       40       10     1         /home/buoffio/Downloads/LLVMEmbeddedToolchainForArm-15.0.2-Linux-x86_64/bin/../lib/clang-runtimes/armv7m_soft_nofp/lib/libc.a(aeabi_memset.c.o):(.debug_addr)
      50       50       10     1         /home/buoffio/Downloads/LLVMEmbeddedToolchainForArm-15.0.2-Linux-x86_64/bin/../lib/clang-runtimes/armv7m_soft_nofp/lib/libc.a(bzero.c.o):(.debug_addr)
      60       60        c     1         /home/buoffio/Downloads/LLVMEmbeddedToolchainForArm-15.0.2-Linux-x86_64/bin/../lib/clang-runtimes/armv7m_soft_nofp/lib/libc.a(memcpy.c.o):(.debug_addr)
      6c       6c        c     1         /home/buoffio/Downloads/LLVMEmbeddedToolchainForArm-15.0.2-Linux-x86_64/bin/../lib/clang-runtimes/armv7m_soft_nofp/lib/libc.a(memset.c.o):(.debug_addr)
       0        0       7d     1 .comment
       0        0       7d     1         <internal>:(.comment)
       0        0      180     4 .debug_frame
       0        0       30     4         /home/buoffio/Downloads/LLVMEmbeddedToolchainForArm-15.0.2-Linux-x86_64/bin/../lib/clang-runtimes/armv7m_soft_nofp/lib/crt0.o:(.debug_frame)
      30       30       34     4         /home/buoffio/Downloads/LLVMEmbeddedToolchainForArm-15.0.2-Linux-x86_64/bin/../lib/clang-runtimes/armv7m_soft_nofp/lib/libc.a(libc_misc_init.c.o):(.debug_frame)
      64       64       34     4         /home/buoffio/Downloads/LLVMEmbeddedToolchainForArm-15.0.2-Linux-x86_64/bin/../lib/clang-runtimes/armv7m_soft_nofp/lib/libc.a(libc_picolib_machine_arm_interrupt.c.o):(.debug_frame)
      98       98       24     4         /home/buoffio/Downloads/LLVMEmbeddedToolchainForArm-15.0.2-Linux-x86_64/bin/../lib/clang-runtimes/armv7m_soft_nofp/lib/libc.a(libc_picolib_machine_arm_tls.c.o):(.debug_frame)
      bc       bc       24     4         /home/buoffio/Downloads/LLVMEmbeddedToolchainForArm-15.0.2-Linux-x86_64/bin/../lib/clang-runtimes/armv7m_soft_nofp/lib/libc.a(libc_picolib_machine_arm_read_tp.S.o):(.debug_frame)
      e0       e0       24     4         /home/buoffio/Downloads/LLVMEmbeddedToolchainForArm-15.0.2-Linux-x86_64/bin/../lib/clang-runtimes/armv7m_soft_nofp/lib/libc.a(aeabi_memset.c.o):(.debug_frame)
     104      104       24     4         /home/buoffio/Downloads/LLVMEmbeddedToolchainForArm-15.0.2-Linux-x86_64/bin/../lib/clang-runtimes/armv7m_soft_nofp/lib/libc.a(bzero.c.o):(.debug_frame)
     128      128       34     4         /home/buoffio/Downloads/LLVMEmbeddedToolchainForArm-15.0.2-Linux-x86_64/bin/../lib/clang-runtimes/armv7m_soft_nofp/lib/libc.a(memcpy.c.o):(.debug_frame)
     15c      15c       24     4         /home/buoffio/Downloads/LLVMEmbeddedToolchainForArm-15.0.2-Linux-x86_64/bin/../lib/clang-runtimes/armv7m_soft_nofp/lib/libc.a(memset.c.o):(.debug_frame)
       0        0      53d     1 .debug_line
       0        0       c1     1         /home/buoffio/Downloads/LLVMEmbeddedToolchainForArm-15.0.2-Linux-x86_64/bin/../lib/clang-runtimes/armv7m_soft_nofp/lib/crt0.o:(.debug_line)
      c1       c1       43     1         /home/buoffio/Downloads/LLVMEmbeddedToolchainForArm-15.0.2-Linux-x86_64/bin/../lib/clang-runtimes/armv7m_soft_nofp/lib/libc.a(libc_errno_errno.c.o):(.debug_line)
     104      104       94     1         /home/buoffio/Downloads/LLVMEmbeddedToolchainForArm-15.0.2-Linux-x86_64/bin/../lib/clang-runtimes/armv7m_soft_nofp/lib/libc.a(libc_misc_init.c.o):(.debug_line)
     198      198       6d     1         /home/buoffio/Downloads/LLVMEmbeddedToolchainForArm-15.0.2-Linux-x86_64/bin/../lib/clang-runtimes/armv7m_soft_nofp/lib/libc.a(libc_picolib_machine_arm_interrupt.c.o):(.debug_line)
     205      205       99     1         /home/buoffio/Downloads/LLVMEmbeddedToolchainForArm-15.0.2-Linux-x86_64/bin/../lib/clang-runtimes/armv7m_soft_nofp/lib/libc.a(libc_picolib_machine_arm_tls.c.o):(.debug_line)
     29e      29e       44     1         /home/buoffio/Downloads/LLVMEmbeddedToolchainForArm-15.0.2-Linux-x86_64/bin/../lib/clang-runtimes/armv7m_soft_nofp/lib/libc.a(libc_picolib_machine_arm_read_tp.S.o):(.debug_line)
     2e2      2e2       8a     1         /home/buoffio/Downloads/LLVMEmbeddedToolchainForArm-15.0.2-Linux-x86_64/bin/../lib/clang-runtimes/armv7m_soft_nofp/lib/libc.a(aeabi_memset.c.o):(.debug_line)
     36c      36c       a1     1         /home/buoffio/Downloads/LLVMEmbeddedToolchainForArm-15.0.2-Linux-x86_64/bin/../lib/clang-runtimes/armv7m_soft_nofp/lib/libc.a(bzero.c.o):(.debug_line)
     40d      40d       9a     1         /home/buoffio/Downloads/LLVMEmbeddedToolchainForArm-15.0.2-Linux-x86_64/bin/../lib/clang-runtimes/armv7m_soft_nofp/lib/libc.a(memcpy.c.o):(.debug_line)
     4a7      4a7       96     1         /home/buoffio/Downloads/LLVMEmbeddedToolchainForArm-15.0.2-Linux-x86_64/bin/../lib/clang-runtimes/armv7m_soft_nofp/lib/libc.a(memset.c.o):(.debug_line)
       0        0      50d     1 .debug_line_str
       0        0      50d     1         <internal>:(.debug_line_str)
       0        0      105     1 .debug_loclists
       0        0       1e     1         /home/buoffio/Downloads/LLVMEmbeddedToolchainForArm-15.0.2-Linux-x86_64/bin/../lib/clang-runtimes/armv7m_soft_nofp/lib/libc.a(libc_picolib_machine_arm_tls.c.o):(.debug_loclists)
      1e       1e       2f     1         /home/buoffio/Downloads/LLVMEmbeddedToolchainForArm-15.0.2-Linux-x86_64/bin/../lib/clang-runtimes/armv7m_soft_nofp/lib/libc.a(aeabi_memset.c.o):(.debug_loclists)
      4d       4d       1b     1         /home/buoffio/Downloads/LLVMEmbeddedToolchainForArm-15.0.2-Linux-x86_64/bin/../lib/clang-runtimes/armv7m_soft_nofp/lib/libc.a(bzero.c.o):(.debug_loclists)
      68       68       5f     1         /home/buoffio/Downloads/LLVMEmbeddedToolchainForArm-15.0.2-Linux-x86_64/bin/../lib/clang-runtimes/armv7m_soft_nofp/lib/libc.a(memcpy.c.o):(.debug_loclists)
      c7       c7       3e     1         /home/buoffio/Downloads/LLVMEmbeddedToolchainForArm-15.0.2-Linux-x86_64/bin/../lib/clang-runtimes/armv7m_soft_nofp/lib/libc.a(memset.c.o):(.debug_loclists)
       0        0       20     1 .debug_aranges
       0        0       20     1         /home/buoffio/Downloads/LLVMEmbeddedToolchainForArm-15.0.2-Linux-x86_64/bin/../lib/clang-runtimes/armv7m_soft_nofp/lib/libc.a(libc_picolib_machine_arm_read_tp.S.o):(.debug_aranges)
       0        0     2340     4 .symtab
       0        0     2340     4         <internal>:(.symtab)
       0        0      13e     1 .shstrtab
       0        0      13e     1         <internal>:(.shstrtab)
       0        0     1a37     1 .strtab
       0        0     1a37     1         <internal>:(.strtab)
